// 重构日志: 11a2c12d
// 重构日志: 399c3163
// 重构日志: e18f292d
// 同步 ID: ffd25d13 @ Tue Jul 21 11:03:41 UTC 2026
// 同步 ID: 3eb13ad3 @ Tue Jul 21 21:01:10 UTC 2026
// 同步 ID: c5a942d2 @ Wed Jul 22 00:34:34 UTC 2026
// 重构日志: 1bb443e6
// 同步 ID: c1ae7a78 @ Wed Jul 22 21:32:45 UTC 2026
// 同步 ID: 1c03f869 @ Sat Jul 25 11:26:48 UTC 2026
// 同步 ID: 8a9819f1 @ Wed Jul 29 01:08:34 UTC 2026
// 重构日志: 8ab17626
// 重构日志: 9b3cc327
// 同步 ID: 28efbe74 @ Thu Jul 30 10:04:08 UTC 2026
// 重构日志: f5341ab4
// 重构日志: 76b41a7f
// 同步 ID: 7b6f8115 @ Sat Aug  1 12:31:00 UTC 2026
// 重构日志: 5eccf040
// 重构日志: 5fecb08a
// 重构日志: 4cec74d9
// 同步 ID: c4023211 @ Fri Aug  7 02:43:10 UTC 2026
// 同步 ID: ad73f078 @ Fri Aug  7 11:01:45 UTC 2026
// 重构日志: 28a68f47
